../Core/Src/motor_control/motor.c:22:6:motor_init	8	static
../Core/Src/motor_control/motor.c:33:5:shellMotor	32	static
../Core/Src/motor_control/motor.c:52:6:motor_update	16	static
../Core/Src/motor_control/motor.c:71:5:setAlpha	16	static
../Core/Src/motor_control/motor.c:83:5:setMotor	24	static
../Core/Src/motor_control/motor.c:117:6:setMotorBrake	8	static
../Core/Src/motor_control/motor.c:136:5:shellStart	32	static
../Core/Src/motor_control/motor.c:145:5:shellStop	32	static
../Core/Src/motor_control/motor.c:158:5:shellImeasure	32	static
../Core/Src/motor_control/motor.c:171:5:shellSpeedMeasure	32	static
